// Jest Snapshot v1, https://goo.gl/fbAQLP

exports[`renders correctly with empty props 1`] = `
<div
  className="editable-heading--wrapper"
  onClick={[Function]}
>
  <h1
    aria-label=""
    className="heading-component heading-element-type-h1 size-large heading-element-ellipsis suggest-edit-on-hover"
    id=""
  >
    
  </h1>
</div>
`;
