// Jest Snapshot v1, https://goo.gl/fbAQLP

exports[`Tipseen image tests Snapshot Tests renders correctly 1`] = `
<img
  alt="alternative text"
  className="monday-style-tipseen-image mock-class-name"
  src="fake-tipseen-src"
/>
`;

exports[`Tipseen image tests Snapshot Tests renders correctly with empty props 1`] = `
<img
  className="monday-style-tipseen-image"
/>
`;
